// Jest Snapshot v1, https://goo.gl/fbAQLP

exports[`Component BottomNavigator renders regular top bar correctly 1`] = `
<View
  style={
    Array [
      Object {
        "alignItems": "center",
        "backgroundColor": "#311CA8",
        "flexDirection": "column",
        "marginVertical": 20,
      },
    ]
  }
>
  <View
    style={
      Array [
        Object {
          "flexDirection": "row",
          "marginVertical": 16,
          "width": "100%",
        },
      ]
    }
  >
    <View
      style={
        Array [
          Object {
            "justifyContent": "center",
          },
        ]
      }
    >
      <View
        accessible={true}
        focusable={true}
        hitSlop={
          Object {
            "bottom": 12,
            "left": 12,
            "right": 12,
            "top": 12,
          }
        }
        onClick={[Function]}
        onResponderGrant={[Function]}
        onResponderMove={[Function]}
        onResponderRelease={[Function]}
        onResponderTerminate={[Function]}
        onResponderTerminationRequest={[Function]}
        onStartShouldSetResponder={[Function]}
        style={
          Object {
            "backgroundColor": "#751EEE",
            "borderRadius": 37.5,
            "marginHorizontal": 24,
            "marginTop": 0,
            "opacity": 1,
            "paddingHorizontal": 15,
            "paddingVertical": 15,
          }
        }
        testID="search-button"
      >
        <Image
          opacity={1}
          resizeMode="contain"
          size={16}
          source={1}
          style={
            Array [
              Object {
                "height": 24,
                "width": 24,
              },
            ]
          }
        />
      </View>
    </View>
    <View
      style={
        Array [
          Object {
            "flexBasis": 0,
            "flexDirection": "row",
            "flexGrow": 1,
            "flexShrink": 1,
            "justifyContent": "center",
            "paddingVertical": 10,
          },
        ]
      }
    >
      <RCTScrollView
        data={null}
        disableVirtualization={false}
        getItem={[Function]}
        getItemCount={[Function]}
        horizontal={true}
        initialNumToRender={1}
        keyExtractor={[Function]}
        maxToRenderPerBatch={10}
        onContentSizeChange={[Function]}
        onEndReachedThreshold={2}
        onLayout={[Function]}
        onMomentumScrollEnd={[Function]}
        onScroll={[Function]}
        onScrollBeginDrag={[Function]}
        onScrollEndDrag={[Function]}
        removeClippedSubviews={false}
        renderItem={[Function]}
        scrollEventThrottle={50}
        showsHorizontalScrollIndicator={false}
        stickyHeaderIndices={Array []}
        updateCellsBatchingPeriod={50}
        viewabilityConfigCallbackPairs={Array []}
        windowSize={21}
      >
        <View />
      </RCTScrollView>
    </View>
  </View>
</View>
`;
