// Jest Snapshot v1, https://goo.gl/fbAQLP

exports[`Component AppWebView renders correctly 1`] = `
<RCTSafeAreaView
  emulateUnlessSupported={true}
  style={
    Array [
      Object {
        "flexBasis": 0,
        "flexGrow": 1,
        "flexShrink": 1,
      },
    ]
  }
>
  <View
    style={
      Array [
        Object {
          "flex": 1,
          "overflow": "hidden",
        },
        undefined,
      ]
    }
  >
    <RNCWebView
      cacheEnabled={true}
      javaScriptEnabled={true}
      messagingEnabled={false}
      onContentProcessDidTerminate={[Function]}
      onHttpError={[Function]}
      onLoadingError={[Function]}
      onLoadingFinish={[Function]}
      onLoadingProgress={[Function]}
      onLoadingStart={[Function]}
      onMessage={[Function]}
      onShouldStartLoadWithRequest={[Function]}
      source={
        Object {
          "uri": "",
        }
      }
      style={
        Array [
          Object {
            "flex": 1,
            "overflow": "hidden",
          },
          Object {
            "backgroundColor": "#ffffff",
          },
          undefined,
        ]
      }
      testID="web-view"
      useSharedProcessPool={true}
      useWebKit={true}
    />
  </View>
</RCTSafeAreaView>
`;
