// Jest Snapshot v1, https://goo.gl/fbAQLP

exports[`Component CountdownTimer renders correctly with 6 seconds 1`] = `
<Text
  alignCenter={false}
  allowFontScaling={false}
  color="#000000"
  fontFamily="MEDIUM"
  isUnderlined={false}
  isUppercase={false}
  maxFontSizeMultiplier={1.3}
  size="NORMAL"
  style={
    Array [
      Object {
        "color": "#000000",
        "fontFamily": "Calibre-Medium",
        "fontSize": 30,
        "justifyContent": "center",
        "textAlign": "left",
        "textDecorationColor": "#000000",
        "textDecorationLine": "none",
        "textDecorationStyle": "solid",
        "textTransform": "none",
      },
    ]
  }
>
  00:06
</Text>
`;
