// Jest Snapshot v1, https://goo.gl/fbAQLP

exports[`Component Ellipse renders correctly 1`] = `
<View
  accessible={true}
  focusable={true}
  onClick={[Function]}
  onResponderGrant={[Function]}
  onResponderMove={[Function]}
  onResponderRelease={[Function]}
  onResponderTerminate={[Function]}
  onResponderTerminationRequest={[Function]}
  onStartShouldSetResponder={[Function]}
  style={
    Object {
      "alignItems": "center",
      "backgroundColor": "#FFFFFF",
      "borderRadius": 5,
      "flexDirection": "row",
      "height": 80,
      "justifyContent": "center",
      "opacity": 1,
      "width": 7.5,
    }
  }
  testID="ellipse-button"
>
  <Image
    resizeMode="contain"
    source={1}
    style={
      Array [
        Object {
          "height": 36,
          "marginRight": 7.5,
          "width": 36,
        },
      ]
    }
  />
  <Text
    alignCenter={false}
    allowFontScaling={true}
    color="#000000"
    fontFamily="MEDIUM"
    isUnderlined={false}
    isUppercase={false}
    maxFontSizeMultiplier={1.3}
    size="XXSMALL"
    style={
      Array [
        Object {
          "color": "#000000",
          "fontFamily": "Calibre-Medium",
          "fontSize": 21,
          "justifyContent": "center",
          "textAlign": "left",
          "textDecorationColor": "#000000",
          "textDecorationLine": "none",
          "textDecorationStyle": "solid",
          "textTransform": "none",
        },
        Object {
          "marginTop": 10.5,
        },
      ]
    }
  >
    0
  </Text>
  <View
    accessible={true}
    focusable={true}
    onClick={[Function]}
    onResponderGrant={[Function]}
    onResponderMove={[Function]}
    onResponderRelease={[Function]}
    onResponderTerminate={[Function]}
    onResponderTerminationRequest={[Function]}
    onStartShouldSetResponder={[Function]}
    style={
      Object {
        "backgroundColor": "#72D59E",
        "borderRadius": 13.5,
        "height": 27,
        "opacity": 1,
        "paddingLeft": 6,
        "paddingTop": 3,
        "position": "absolute",
        "right": -6.75,
        "width": 27,
      }
    }
  >
    <Text
      alignCenter={false}
      allowFontScaling={false}
      color="#FFFFFF"
      fontFamily="MEDIUM"
      isUnderlined={false}
      isUppercase={false}
      maxFontSizeMultiplier={1.3}
      size="NORMAL"
      style={
        Array [
          Object {
            "color": "#FFFFFF",
            "fontFamily": "Calibre-Medium",
            "fontSize": 30,
            "justifyContent": "center",
            "textAlign": "left",
            "textDecorationColor": "#FFFFFF",
            "textDecorationLine": "none",
            "textDecorationStyle": "solid",
            "textTransform": "none",
          },
        ]
      }
    >
      +
    </Text>
  </View>
</View>
`;
