// Jest Snapshot v1, https://goo.gl/fbAQLP

exports[`Component LevelProgressBar renders correctly 1`] = `
<View
  style={
    Array [
      Object {
        "width": 366,
      },
    ]
  }
>
  <View
    isCenter={true}
    style={
      Array [
        Object {
          "alignItems": "center",
          "flexDirection": "row",
          "justifyContent": "center",
          "marginTop": 0,
        },
      ]
    }
  >
    <View
      bgColor="#F06B59"
      style={
        Array [
          Object {
            "alignItems": "center",
            "backgroundColor": "#F06B59",
            "borderRadius": 24,
            "height": 48,
            "justifyContent": "center",
            "width": 48,
          },
        ]
      }
    >
      <Text
        alignCenter={false}
        allowFontScaling={true}
        color="#000000"
        fontFamily="BOLD"
        isUnderlined={false}
        isUppercase={false}
        maxFontSizeMultiplier={1.3}
        size="XSMALL"
        style={
          Array [
            Object {
              "color": "#000000",
              "fontFamily": "CalibreBold",
              "fontSize": 24,
              "justifyContent": "center",
              "textAlign": "left",
              "textDecorationColor": "#000000",
              "textDecorationLine": "none",
              "textDecorationStyle": "solid",
              "textTransform": "none",
            },
            Object {
              "color": "#FFFFFF",
              "lineHeight": 38,
              "marginTop": 10,
            },
          ]
        }
      >
        1
      </Text>
    </View>
    <View
      style={
        Array [
          Object {
            "backgroundColor": "#E5E5E5",
            "borderRadius": 12,
            "height": 16,
            "marginHorizontal": 12,
            "width": "70%",
          },
        ]
      }
    >
      <View
        style={
          Array [
            Object {
              "backgroundColor": "#FFDB4F",
              "borderRadius": 12,
              "height": 16,
              "position": "absolute",
              "width": "0%",
            },
          ]
        }
        width={0}
      />
    </View>
    <View
      bgColor="#E5E5E5"
      style={
        Array [
          Object {
            "alignItems": "center",
            "backgroundColor": "#E5E5E5",
            "borderRadius": 24,
            "height": 48,
            "justifyContent": "center",
            "width": 48,
          },
        ]
      }
    >
      <Text
        alignCenter={false}
        allowFontScaling={true}
        color="#000000"
        fontFamily="BOLD"
        isUnderlined={false}
        isUppercase={false}
        maxFontSizeMultiplier={1.3}
        size="XSMALL"
        style={
          Array [
            Object {
              "color": "#000000",
              "fontFamily": "CalibreBold",
              "fontSize": 24,
              "justifyContent": "center",
              "textAlign": "left",
              "textDecorationColor": "#000000",
              "textDecorationLine": "none",
              "textDecorationStyle": "solid",
              "textTransform": "none",
            },
            Object {
              "color": "#FFFFFF",
              "lineHeight": 38,
              "marginTop": 10,
            },
          ]
        }
      >
        2
      </Text>
    </View>
  </View>
  <View
    isCenter={true}
    marginTop={false}
    style={
      Array [
        Object {
          "alignItems": "center",
          "flexDirection": "row",
          "justifyContent": "center",
          "marginTop": 0,
        },
      ]
    }
  >
    <Image
      resizeMode="cover"
      source={1}
      style={
        Array [
          Object {
            "height": 24,
            "width": 24,
          },
        ]
      }
    />
    <Text
      alignCenter={false}
      allowFontScaling={true}
      color="#353535"
      fontFamily="MEDIUM"
      isUnderlined={false}
      isUppercase={false}
      maxFontSizeMultiplier={1.3}
      size="XXSMALL"
      style={
        Array [
          Object {
            "color": "#353535",
            "fontFamily": "Calibre-Medium",
            "fontSize": 21,
            "justifyContent": "center",
            "textAlign": "left",
            "textDecorationColor": "#353535",
            "textDecorationLine": "none",
            "textDecorationStyle": "solid",
            "textTransform": "none",
          },
          Object {
            "marginLeft": 10,
            "paddingTop": 12,
          },
        ]
      }
    >
      0 / 80
    </Text>
  </View>
</View>
`;
