// Jest Snapshot v1, https://goo.gl/fbAQLP

exports[`Component Text stack Em progress bar renders correctly  1`] = `
<View
  style={
    Array [
      Object {
        "width": 166,
      },
    ]
  }
>
  <View
    isCenter={true}
    style={
      Array [
        Object {
          "alignItems": "center",
          "flexDirection": "row",
          "justifyContent": "center",
          "marginTop": 0,
        },
      ]
    }
  >
    <View
      bgColor="#F06B59"
      style={
        Array [
          Object {
            "alignItems": "center",
            "backgroundColor": "#F06B59",
            "borderRadius": 24,
            "height": 36,
            "justifyContent": "center",
            "width": 36,
          },
        ]
      }
    >
      <Text
        alignCenter={false}
        allowFontScaling={true}
        color="#000000"
        fontFamily="BOLD"
        isUnderlined={false}
        isUppercase={false}
        maxFontSizeMultiplier={1.3}
        size="XXXSMALL"
        style={
          Array [
            Object {
              "color": "#000000",
              "fontFamily": "CalibreBold",
              "fontSize": 19.5,
              "justifyContent": "center",
              "textAlign": "left",
              "textDecorationColor": "#000000",
              "textDecorationLine": "none",
              "textDecorationStyle": "solid",
              "textTransform": "none",
            },
            Object {
              "color": "#FFFFFF",
              "lineHeight": 38,
              "marginTop": 4,
            },
          ]
        }
      >
        0
      </Text>
    </View>
    <View
      style={
        Array [
          Object {
            "backgroundColor": "#FFFFFF",
            "borderRadius": 12,
            "height": 16,
            "marginHorizontal": 12,
            "width": "70%",
          },
        ]
      }
    >
      <View
        style={
          Array [
            Object {
              "backgroundColor": "#FFDB4F",
              "borderRadius": 12,
              "height": 16,
              "position": "absolute",
              "width": "NaN%",
            },
          ]
        }
        width={NaN}
      />
    </View>
    <View
      bgColor="#E5E5E5"
      style={
        Array [
          Object {
            "alignItems": "center",
            "backgroundColor": "#E5E5E5",
            "borderRadius": 24,
            "height": 36,
            "justifyContent": "center",
            "width": 36,
          },
        ]
      }
    >
      <Text
        alignCenter={false}
        allowFontScaling={true}
        color="#000000"
        fontFamily="BOLD"
        isUnderlined={false}
        isUppercase={false}
        maxFontSizeMultiplier={1.3}
        size="XXXSMALL"
        style={
          Array [
            Object {
              "color": "#000000",
              "fontFamily": "CalibreBold",
              "fontSize": 19.5,
              "justifyContent": "center",
              "textAlign": "left",
              "textDecorationColor": "#000000",
              "textDecorationLine": "none",
              "textDecorationStyle": "solid",
              "textTransform": "none",
            },
            Object {
              "color": "#FFFFFF",
              "lineHeight": 38,
              "marginTop": 4,
            },
          ]
        }
      >
        0
      </Text>
    </View>
  </View>
</View>
`;
