// Jest Snapshot v1, https://goo.gl/fbAQLP

exports[`Component WatchDisplay renders correctly 1`] = `
<View
  style={
    Array [
      Object {
        "alignItems": "center",
        "flexDirection": "row",
        "justifyContent": "center",
      },
    ]
  }
>
  <Image
    resizeMode="contain"
    source={1}
    style={
      Array [
        Object {
          "height": 48,
          "marginRight": 7.5,
          "width": 48,
        },
      ]
    }
  />
  <Text
    alignCenter={false}
    allowFontScaling={true}
    color="#000000"
    fontFamily="MEDIUM"
    isUnderlined={false}
    isUppercase={false}
    maxFontSizeMultiplier={1.3}
    size="XXSMALL"
    style={
      Array [
        Object {
          "color": "#000000",
          "fontFamily": "Calibre-Medium",
          "fontSize": 21,
          "justifyContent": "center",
          "textAlign": "left",
          "textDecorationColor": "#000000",
          "textDecorationLine": "none",
          "textDecorationStyle": "solid",
          "textTransform": "none",
        },
        Object {
          "marginLeft": 7.5,
          "marginTop": 16,
        },
      ]
    }
  >
    20
  </Text>
</View>
`;
