// Jest Snapshot v1, https://goo.gl/fbAQLP

exports[`Component GamePlayHeader renders correctly 1`] = `
<View
  style={
    Array [
      Object {
        "backgroundColor": "transparent",
        "flexDirection": "column",
        "marginTop": 0,
      },
    ]
  }
>
  <View
    style={
      Array [
        Object {
          "flexDirection": "row",
          "justifyContent": "space-between",
          "paddingRight": 24,
        },
      ]
    }
  >
    <View
      accessible={true}
      focusable={true}
      hitSlop={
        Object {
          "bottom": 12,
          "left": 12,
          "right": 12,
          "top": 12,
        }
      }
      onClick={[Function]}
      onResponderGrant={[Function]}
      onResponderMove={[Function]}
      onResponderRelease={[Function]}
      onResponderTerminate={[Function]}
      onResponderTerminationRequest={[Function]}
      onStartShouldSetResponder={[Function]}
      style={
        Object {
          "marginLeft": 24,
          "marginTop": 48,
          "opacity": 1,
        }
      }
      testID="icon-button"
    >
      <Image
        opacity={1}
        resizeMode="contain"
        size={40}
        source={1}
        style={
          Array [
            Object {
              "height": 60,
              "width": 60,
            },
          ]
        }
      />
    </View>
    <View
      style={
        Array [
          Object {
            "marginTop": 36,
          },
        ]
      }
    >
      <View
        accessible={true}
        focusable={true}
        onClick={[Function]}
        onResponderGrant={[Function]}
        onResponderMove={[Function]}
        onResponderRelease={[Function]}
        onResponderTerminate={[Function]}
        onResponderTerminationRequest={[Function]}
        onStartShouldSetResponder={[Function]}
        style={
          Object {
            "alignItems": "center",
            "backgroundColor": "#FFFFFF",
            "borderRadius": 44,
            "flexDirection": "row",
            "height": 80,
            "justifyContent": "center",
            "opacity": 0.7,
            "width": 142.5,
          }
        }
        testID="coin-button"
      >
        <Image
          resizeMode="contain"
          source={1}
          style={
            Array [
              Object {
                "height": 36,
                "marginRight": 7.5,
                "width": 36,
              },
            ]
          }
        />
        <Text
          alignCenter={false}
          allowFontScaling={true}
          color="#000000"
          fontFamily="MEDIUM"
          isUnderlined={false}
          isUppercase={false}
          maxFontSizeMultiplier={1.3}
          size="XXSMALL"
          style={
            Array [
              Object {
                "color": "#000000",
                "fontFamily": "Calibre-Medium",
                "fontSize": 21,
                "justifyContent": "center",
                "textAlign": "left",
                "textDecorationColor": "#000000",
                "textDecorationLine": "none",
                "textDecorationStyle": "solid",
                "textTransform": "none",
              },
              Object {
                "marginTop": 10.5,
              },
            ]
          }
        >
          0
        </Text>
        <View
          accessible={true}
          focusable={true}
          onClick={[Function]}
          onResponderGrant={[Function]}
          onResponderMove={[Function]}
          onResponderRelease={[Function]}
          onResponderTerminate={[Function]}
          onResponderTerminationRequest={[Function]}
          onStartShouldSetResponder={[Function]}
          style={
            Object {
              "backgroundColor": "#72D59E",
              "borderRadius": 13.5,
              "height": 27,
              "opacity": 1,
              "paddingLeft": 6,
              "paddingTop": 3,
              "position": "absolute",
              "right": -6.75,
              "width": 27,
            }
          }
          testID="coin-button"
        >
          <Text
            alignCenter={false}
            allowFontScaling={false}
            color="#FFFFFF"
            fontFamily="MEDIUM"
            isUnderlined={false}
            isUppercase={false}
            maxFontSizeMultiplier={1.3}
            size="NORMAL"
            style={
              Array [
                Object {
                  "color": "#FFFFFF",
                  "fontFamily": "Calibre-Medium",
                  "fontSize": 30,
                  "justifyContent": "center",
                  "textAlign": "left",
                  "textDecorationColor": "#FFFFFF",
                  "textDecorationLine": "none",
                  "textDecorationStyle": "solid",
                  "textTransform": "none",
                },
              ]
            }
          >
            +
          </Text>
        </View>
      </View>
    </View>
    <View
      style={
        Array [
          Object {
            "alignItems": "center",
            "backgroundColor": "#FFFFFF",
            "borderRadius": 40,
            "flexDirection": "row",
            "height": 80,
            "justifyContent": "space-around",
            "marginTop": 36,
            "minWidth": 150,
            "opacity": 0.7,
            "paddingHorizontal": 7.5,
          },
        ]
      }
    >
      <View
        style={
          Array [
            Object {
              "alignItems": "center",
              "flexDirection": "row",
              "height": 80,
              "justifyContent": "center",
              "marginHorizontal": 7.5,
            },
          ]
        }
      >
        <View
          style={
            Array [
              Object {
                "alignItems": "center",
                "justifyContent": "center",
                "paddingHorizontal": 4.5,
              },
            ]
          }
        >
          <Image
            resizeMode="contain"
            source={1}
            style={
              Array [
                Object {
                  "height": 36,
                  "width": 36,
                },
              ]
            }
          />
        </View>
        <View
          style={
            Array [
              Object {
                "alignItems": "center",
                "justifyContent": "center",
                "paddingHorizontal": 4.5,
              },
            ]
          }
        >
          <Text
            alignCenter={false}
            allowFontScaling={true}
            color="#000000"
            fontFamily="MEDIUM"
            isUnderlined={false}
            isUppercase={false}
            maxFontSizeMultiplier={1.3}
            size="XSMALL"
            style={
              Array [
                Object {
                  "color": "#000000",
                  "fontFamily": "Calibre-Medium",
                  "fontSize": 24,
                  "justifyContent": "center",
                  "textAlign": "left",
                  "textDecorationColor": "#000000",
                  "textDecorationLine": "none",
                  "textDecorationStyle": "solid",
                  "textTransform": "none",
                },
                Object {
                  "marginTop": 14,
                },
              ]
            }
          >
            0
          </Text>
        </View>
      </View>
      <View
        style={
          Array [
            Object {
              "alignItems": "center",
              "flexDirection": "row",
              "height": 80,
              "justifyContent": "center",
              "marginHorizontal": 7.5,
            },
          ]
        }
      >
        <View
          style={
            Array [
              Object {
                "alignItems": "center",
                "justifyContent": "center",
                "paddingHorizontal": 4.5,
              },
            ]
          }
        >
          <Image
            resizeMode="contain"
            source={1}
            style={
              Array [
                Object {
                  "height": 36,
                  "width": 36,
                },
              ]
            }
          />
        </View>
        <View
          style={
            Array [
              Object {
                "alignItems": "center",
                "justifyContent": "center",
                "paddingHorizontal": 4.5,
              },
            ]
          }
        >
          <Text
            alignCenter={false}
            allowFontScaling={true}
            color="#000000"
            fontFamily="MEDIUM"
            isUnderlined={false}
            isUppercase={false}
            maxFontSizeMultiplier={1.3}
            size="XSMALL"
            style={
              Array [
                Object {
                  "color": "#000000",
                  "fontFamily": "Calibre-Medium",
                  "fontSize": 24,
                  "justifyContent": "center",
                  "textAlign": "left",
                  "textDecorationColor": "#000000",
                  "textDecorationLine": "none",
                  "textDecorationStyle": "solid",
                  "textTransform": "none",
                },
                Object {
                  "marginTop": 14,
                },
              ]
            }
          >
            0
          </Text>
        </View>
      </View>
    </View>
  </View>
  <View
    style={
      Array [
        Object {
          "flexDirection": "row",
          "justifyContent": "flex-end",
          "marginTop": 24,
          "paddingHorizontal": 30,
        },
      ]
    }
  >
    <View
      style={
        Array [
          Object {
            "backgroundColor": "#FFFFFF",
            "borderRadius": 40,
            "height": 80,
            "opacity": 0.7,
            "paddingHorizontal": 7.5,
          },
        ]
      }
    >
      <View
        style={
          Array [
            Object {
              "alignItems": "center",
              "flexDirection": "row",
              "height": 80,
              "justifyContent": "center",
              "marginHorizontal": 7.5,
            },
          ]
        }
      >
        <View
          style={
            Array [
              Object {
                "alignItems": "center",
                "justifyContent": "center",
                "paddingHorizontal": 4.5,
              },
            ]
          }
        >
          <Image
            resizeMode="contain"
            source={1}
            style={
              Array [
                Object {
                  "height": 36,
                  "width": 36,
                },
              ]
            }
          />
        </View>
        <View
          style={
            Array [
              Object {
                "alignItems": "center",
                "justifyContent": "center",
                "paddingHorizontal": 4.5,
              },
            ]
          }
        >
          <Text
            alignCenter={false}
            allowFontScaling={true}
            color="#000000"
            fontFamily="MEDIUM"
            isUnderlined={false}
            isUppercase={false}
            maxFontSizeMultiplier={1.3}
            size="XSMALL"
            style={
              Array [
                Object {
                  "color": "#000000",
                  "fontFamily": "Calibre-Medium",
                  "fontSize": 24,
                  "justifyContent": "center",
                  "textAlign": "left",
                  "textDecorationColor": "#000000",
                  "textDecorationLine": "none",
                  "textDecorationStyle": "solid",
                  "textTransform": "none",
                },
                Object {
                  "marginTop": 14,
                },
              ]
            }
          >
            Live
          </Text>
        </View>
      </View>
    </View>
  </View>
</View>
`;
