// Jest Snapshot v1, https://goo.gl/fbAQLP

exports[`Component ChooseUserName renders correctly 1`] = `
Array [
  <View
    style={
      Array [
        Object {
          "alignItems": "center",
          "height": 52.6,
          "justifyContent": "center",
          "width": 100,
        },
      ]
    }
  >
    <Text
      alignCenter={false}
      allowFontScaling={true}
      color="#353535"
      fontFamily="REGULAR"
      isUnderlined={false}
      isUppercase={false}
      maxFontSizeMultiplier={1.3}
      size="SMALL"
      style={
        Array [
          Object {
            "color": "#353535",
            "fontFamily": "CalibreRegular",
            "fontSize": 27,
            "justifyContent": "center",
            "textAlign": "left",
            "textDecorationColor": "#353535",
            "textDecorationLine": "none",
            "textDecorationStyle": "solid",
            "textTransform": "none",
          },
        ]
      }
    >
      Available:
    </Text>
  </View>,
  <RCTScrollView
    data={
      Array [
        "name1",
        "name2",
        "name3",
      ]
    }
    disableVirtualization={false}
    getItem={[Function]}
    getItemCount={[Function]}
    horizontal={true}
    initialNumToRender={10}
    keyExtractor={[Function]}
    maxToRenderPerBatch={10}
    onContentSizeChange={[Function]}
    onEndReachedThreshold={2}
    onLayout={[Function]}
    onMomentumScrollEnd={[Function]}
    onScroll={[Function]}
    onScrollBeginDrag={[Function]}
    onScrollEndDrag={[Function]}
    removeClippedSubviews={false}
    renderItem={[Function]}
    scrollEventThrottle={50}
    stickyHeaderIndices={Array []}
    updateCellsBatchingPeriod={50}
    viewabilityConfigCallbackPairs={Array []}
    windowSize={21}
  >
    <View>
      <View
        onLayout={[Function]}
        style={
          Array [
            Object {
              "flexDirection": "row",
            },
            null,
          ]
        }
      >
        <View
          accessible={true}
          focusable={true}
          onClick={[Function]}
          onResponderGrant={[Function]}
          onResponderMove={[Function]}
          onResponderRelease={[Function]}
          onResponderTerminate={[Function]}
          onResponderTerminationRequest={[Function]}
          onStartShouldSetResponder={[Function]}
          style={
            Object {
              "alignItems": "center",
              "backgroundColor": "transparent",
              "borderRadius": 50,
              "height": 66.6,
              "justifyContent": "center",
              "marginHorizontal": 5,
              "opacity": 1,
              "width": 100,
            }
          }
        >
          <Text
            alignCenter={false}
            allowFontScaling={true}
            color="#FFFFFF"
            fontFamily="MEDIUM"
            isUnderlined={false}
            isUppercase={false}
            maxFontSizeMultiplier={1.3}
            size="SMALL"
            style={
              Array [
                Object {
                  "color": "#FFFFFF",
                  "fontFamily": "Calibre-Medium",
                  "fontSize": 27,
                  "justifyContent": "center",
                  "textAlign": "left",
                  "textDecorationColor": "#FFFFFF",
                  "textDecorationLine": "none",
                  "textDecorationStyle": "solid",
                  "textTransform": "none",
                },
              ]
            }
          >
            name1
          </Text>
        </View>
      </View>
      <View
        onLayout={[Function]}
        style={
          Array [
            Object {
              "flexDirection": "row",
            },
            null,
          ]
        }
      >
        <View
          accessible={true}
          focusable={true}
          onClick={[Function]}
          onResponderGrant={[Function]}
          onResponderMove={[Function]}
          onResponderRelease={[Function]}
          onResponderTerminate={[Function]}
          onResponderTerminationRequest={[Function]}
          onStartShouldSetResponder={[Function]}
          style={
            Object {
              "alignItems": "center",
              "backgroundColor": "transparent",
              "borderRadius": 50,
              "height": 66.6,
              "justifyContent": "center",
              "marginHorizontal": 5,
              "opacity": 1,
              "width": 100,
            }
          }
        >
          <Text
            alignCenter={false}
            allowFontScaling={true}
            color="#FFFFFF"
            fontFamily="MEDIUM"
            isUnderlined={false}
            isUppercase={false}
            maxFontSizeMultiplier={1.3}
            size="SMALL"
            style={
              Array [
                Object {
                  "color": "#FFFFFF",
                  "fontFamily": "Calibre-Medium",
                  "fontSize": 27,
                  "justifyContent": "center",
                  "textAlign": "left",
                  "textDecorationColor": "#FFFFFF",
                  "textDecorationLine": "none",
                  "textDecorationStyle": "solid",
                  "textTransform": "none",
                },
              ]
            }
          >
            name2
          </Text>
        </View>
      </View>
      <View
        onLayout={[Function]}
        style={
          Array [
            Object {
              "flexDirection": "row",
            },
            null,
          ]
        }
      >
        <View
          accessible={true}
          focusable={true}
          onClick={[Function]}
          onResponderGrant={[Function]}
          onResponderMove={[Function]}
          onResponderRelease={[Function]}
          onResponderTerminate={[Function]}
          onResponderTerminationRequest={[Function]}
          onStartShouldSetResponder={[Function]}
          style={
            Object {
              "alignItems": "center",
              "backgroundColor": "transparent",
              "borderRadius": 50,
              "height": 66.6,
              "justifyContent": "center",
              "marginHorizontal": 5,
              "opacity": 1,
              "width": 100,
            }
          }
        >
          <Text
            alignCenter={false}
            allowFontScaling={true}
            color="#FFFFFF"
            fontFamily="MEDIUM"
            isUnderlined={false}
            isUppercase={false}
            maxFontSizeMultiplier={1.3}
            size="SMALL"
            style={
              Array [
                Object {
                  "color": "#FFFFFF",
                  "fontFamily": "Calibre-Medium",
                  "fontSize": 27,
                  "justifyContent": "center",
                  "textAlign": "left",
                  "textDecorationColor": "#FFFFFF",
                  "textDecorationLine": "none",
                  "textDecorationStyle": "solid",
                  "textTransform": "none",
                },
              ]
            }
          >
            name3
          </Text>
        </View>
      </View>
    </View>
  </RCTScrollView>,
]
`;
