// Jest Snapshot v1, https://goo.gl/fbAQLP

exports[`Component InputFormBox renders correctly in default state 1`] = `
<View
  style={
    Array [
      Object {
        "justifyContent": "flex-end",
      },
    ]
  }
>
  <Text
    alignCenter={false}
    allowFontScaling={true}
    color="#000000"
    fontFamily="REGULAR"
    isUnderlined={false}
    isUppercase={false}
    maxFontSizeMultiplier={1.3}
    size="XSMALL"
    style={
      Array [
        Object {
          "color": "#000000",
          "fontFamily": "CalibreRegular",
          "fontSize": 24,
          "justifyContent": "center",
          "textAlign": "left",
          "textDecorationColor": "#000000",
          "textDecorationLine": "none",
          "textDecorationStyle": "solid",
          "textTransform": "none",
        },
        Object {
          "marginBottom": 8,
        },
      ]
    }
  >
    a
  </Text>
  <View
    style={
      Array [
        Object {
          "alignItems": "center",
          "flexDirection": "row",
        },
      ]
    }
  >
    <TextInput
      allowFontScaling={false}
      autoCapitalize="none"
      autoCorrect={false}
      borderColor="#E5E5E5"
      borderWidth={1}
      fontFamily="Calibre-Semibold"
      onBlur={[Function]}
      onChangeText={[MockFunction]}
      placeholderTextColor="#ADADAD"
      rejectResponderTermination={true}
      style={
        Array [
          Object {
            "borderColor": "#E5E5E5",
            "borderRadius": 10,
            "borderWidth": 1,
            "color": "#222222",
            "fontSize": 21,
            "height": 70,
            "paddingLeft": 16,
            "paddingTop": 10,
            "width": "100%",
          },
        ]
      }
      testID="input-box"
      underlineColorAndroid="transparent"
      value="a"
    />
  </View>
</View>
`;

exports[`Component InputFormBox renders correctly when there is an error 1`] = `
<View
  style={
    Array [
      Object {
        "justifyContent": "flex-end",
      },
    ]
  }
>
  <Text
    alignCenter={false}
    allowFontScaling={true}
    color="#000000"
    fontFamily="REGULAR"
    isUnderlined={false}
    isUppercase={false}
    maxFontSizeMultiplier={1.3}
    size="XSMALL"
    style={
      Array [
        Object {
          "color": "#000000",
          "fontFamily": "CalibreRegular",
          "fontSize": 24,
          "justifyContent": "center",
          "textAlign": "left",
          "textDecorationColor": "#000000",
          "textDecorationLine": "none",
          "textDecorationStyle": "solid",
          "textTransform": "none",
        },
        Object {
          "marginBottom": 8,
        },
      ]
    }
  >
    a
  </Text>
  <View
    style={
      Array [
        Object {
          "alignItems": "center",
          "flexDirection": "row",
        },
      ]
    }
  >
    <TextInput
      allowFontScaling={false}
      autoCapitalize="none"
      autoCorrect={false}
      borderColor="#E5E5E5"
      borderWidth={1}
      fontFamily="Calibre-Semibold"
      onBlur={[Function]}
      onChangeText={[MockFunction]}
      placeholderTextColor="#ADADAD"
      rejectResponderTermination={true}
      style={
        Array [
          Object {
            "borderColor": "#E5E5E5",
            "borderRadius": 10,
            "borderWidth": 1,
            "color": "#222222",
            "fontSize": 21,
            "height": 70,
            "paddingLeft": 16,
            "paddingTop": 10,
            "width": "100%",
          },
        ]
      }
      testID="input-box"
      underlineColorAndroid="transparent"
      value="a"
    />
  </View>
</View>
`;
