// Jest Snapshot v1, https://goo.gl/fbAQLP

exports[`Component dailyBonusCard renders correctly 1`] = `null`;

exports[`Component dailyBonusCard renders correctly when disable is false 1`] = `null`;

exports[`Component dailyBonusCard renders correctly when disable is true 1`] = `null`;

exports[`Component dailyBonusCard renders correctly when info is false 1`] = `null`;

exports[`Component dailyBonusCard renders correctly when info is true 1`] = `null`;
