// Jest Snapshot v1, https://goo.gl/fbAQLP

exports[`Component TokensRow renders correctly 1`] = `
<View
  style={
    Array [
      Object {
        "backgroundColor": "#F9F9F9",
        "height": 176,
      },
    ]
  }
>
  <View
    style={
      Array [
        Object {
          "alignItems": "center",
          "marginBottom": 16,
          "marginTop": 44,
        },
      ]
    }
  >
    <Text
      alignCenter={false}
      allowFontScaling={true}
      color="#8B8B8B"
      fontFamily="REGULAR"
      isUnderlined={false}
      isUppercase={false}
      maxFontSizeMultiplier={1.3}
      size="XXSMALL"
      style={
        Array [
          Object {
            "color": "#8B8B8B",
            "fontFamily": "CalibreRegular",
            "fontSize": 21,
            "justifyContent": "center",
            "textAlign": "left",
            "textDecorationColor": "#8B8B8B",
            "textDecorationLine": "none",
            "textDecorationStyle": "solid",
            "textTransform": "none",
          },
        ]
      }
    >
       Subscription Pack
    </Text>
  </View>
  <View
    style={
      Array [
        Object {
          "flexDirection": "row",
          "justifyContent": "space-around",
        },
      ]
    }
  >
    <View
      style={
        Array [
          Object {
            "alignItems": "center",
            "flexDirection": "column",
            "justifyContent": "center",
          },
        ]
      }
    >
      <Text
        alignCenter={false}
        allowFontScaling={true}
        color="#000000"
        fontFamily="MEDIUM"
        isUnderlined={false}
        isUppercase={false}
        maxFontSizeMultiplier={1.3}
        size="XXSMALL"
        style={
          Array [
            Object {
              "color": "#000000",
              "fontFamily": "Calibre-Medium",
              "fontSize": 21,
              "justifyContent": "center",
              "textAlign": "left",
              "textDecorationColor": "#000000",
              "textDecorationLine": "none",
              "textDecorationStyle": "solid",
              "textTransform": "none",
            },
          ]
        }
      >
        Tokens Today
      </Text>
      <View
        style={
          Array [
            Object {
              "alignItems": "flex-start",
              "flexDirection": "row",
              "justifyContent": "center",
              "marginTop": 10,
            },
          ]
        }
      >
        <Image
          resizeMode="contain"
          source={1}
          style={
            Array [
              Object {
                "height": 27,
                "marginRight": 7.5,
                "width": 27,
              },
            ]
          }
        />
        <Text
          alignCenter={false}
          allowFontScaling={true}
          color="#B7B7B7"
          fontFamily="REGULAR"
          isUnderlined={false}
          isUppercase={false}
          maxFontSizeMultiplier={1.3}
          size="XSMALL"
          style={
            Array [
              Object {
                "color": "#B7B7B7",
                "fontFamily": "CalibreRegular",
                "fontSize": 24,
                "justifyContent": "center",
                "textAlign": "left",
                "textDecorationColor": "#B7B7B7",
                "textDecorationLine": "none",
                "textDecorationStyle": "solid",
                "textTransform": "none",
              },
              Object {
                "marginTop": 6,
              },
            ]
          }
        >
          1
        </Text>
      </View>
    </View>
    <View
      style={
        Array [
          Object {
            "alignItems": "center",
            "flexDirection": "column",
            "justifyContent": "center",
          },
        ]
      }
    >
      <Text
        alignCenter={false}
        allowFontScaling={true}
        color="#000000"
        fontFamily="MEDIUM"
        isUnderlined={false}
        isUppercase={false}
        maxFontSizeMultiplier={1.3}
        size="XXSMALL"
        style={
          Array [
            Object {
              "color": "#000000",
              "fontFamily": "Calibre-Medium",
              "fontSize": 21,
              "justifyContent": "center",
              "textAlign": "left",
              "textDecorationColor": "#000000",
              "textDecorationLine": "none",
              "textDecorationStyle": "solid",
              "textTransform": "none",
            },
          ]
        }
      >
        Monthly Tokens
      </Text>
      <View
        style={
          Array [
            Object {
              "alignItems": "flex-start",
              "flexDirection": "row",
              "justifyContent": "center",
              "marginTop": 10,
            },
          ]
        }
      >
        <Image
          resizeMode="contain"
          source={1}
          style={
            Array [
              Object {
                "height": 27,
                "marginRight": 7.5,
                "width": 27,
              },
            ]
          }
        />
        <Text
          alignCenter={false}
          allowFontScaling={true}
          color="#B7B7B7"
          fontFamily="REGULAR"
          isUnderlined={false}
          isUppercase={false}
          maxFontSizeMultiplier={1.3}
          size="XSMALL"
          style={
            Array [
              Object {
                "color": "#B7B7B7",
                "fontFamily": "CalibreRegular",
                "fontSize": 24,
                "justifyContent": "center",
                "textAlign": "left",
                "textDecorationColor": "#B7B7B7",
                "textDecorationLine": "none",
                "textDecorationStyle": "solid",
                "textTransform": "none",
              },
              Object {
                "marginTop": 6,
              },
            ]
          }
        >
          1
        </Text>
      </View>
    </View>
  </View>
</View>
`;
